mode: set
tic_tac_toe/handlers/game_handlers.go:37.45,39.2 1 1
tic_tac_toe/handlers/game_handlers.go:42.77,43.33 1 1
tic_tac_toe/handlers/game_handlers.go:43.33,46.3 2 1
tic_tac_toe/handlers/game_handlers.go:48.2,49.61 2 1
tic_tac_toe/handlers/game_handlers.go:49.61,52.3 2 1
tic_tac_toe/handlers/game_handlers.go:54.2,54.23 1 1
tic_tac_toe/handlers/game_handlers.go:54.23,56.3 1 1
tic_tac_toe/handlers/game_handlers.go:58.2,63.18 4 1
tic_tac_toe/handlers/game_handlers.go:64.29,66.15 2 1
tic_tac_toe/handlers/game_handlers.go:68.27,70.45 2 1
tic_tac_toe/handlers/game_handlers.go:72.25,74.45 2 1
tic_tac_toe/handlers/game_handlers.go:76.10,78.9 2 1
tic_tac_toe/handlers/game_handlers.go:81.2,83.35 2 1
tic_tac_toe/handlers/game_handlers.go:83.35,85.3 1 1
tic_tac_toe/handlers/game_handlers.go:86.2,86.23 1 1
tic_tac_toe/handlers/game_handlers.go:86.23,88.3 1 1
tic_tac_toe/handlers/game_handlers.go:89.2,89.45 1 1
tic_tac_toe/handlers/game_handlers.go:93.74,98.9 3 1
tic_tac_toe/handlers/game_handlers.go:98.9,101.3 2 1
tic_tac_toe/handlers/game_handlers.go:102.2,102.40 1 1
tic_tac_toe/handlers/game_handlers.go:106.75,110.9 3 1
tic_tac_toe/handlers/game_handlers.go:110.9,112.3 1 1
tic_tac_toe/handlers/game_handlers.go:114.2,114.15 1 1
tic_tac_toe/handlers/game_handlers.go:118.50,119.30 1 1
tic_tac_toe/handlers/game_handlers.go:119.30,121.3 1 1
tic_tac_toe/handlers/game_handlers.go:122.2,122.12 1 1
tic_tac_toe/handlers/game_handlers.go:126.62,129.61 2 1
tic_tac_toe/handlers/game_handlers.go:129.61,131.3 1 1
tic_tac_toe/handlers/game_handlers.go:133.2,133.17 1 1
tic_tac_toe/handlers/game_handlers.go:137.42,138.36 1 1
tic_tac_toe/handlers/game_handlers.go:138.36,140.3 1 1
tic_tac_toe/handlers/game_handlers.go:141.2,141.12 1 1
tic_tac_toe/handlers/game_handlers.go:145.77,148.56 3 1
tic_tac_toe/handlers/game_handlers.go:148.56,151.3 2 1
tic_tac_toe/handlers/game_handlers.go:155.31,156.32 1 1
tic_tac_toe/handlers/game_handlers.go:156.32,157.38 1 1
tic_tac_toe/handlers/game_handlers.go:157.38,158.9 1 1
tic_tac_toe/handlers/game_handlers.go:160.3,160.15 1 1
tic_tac_toe/handlers/game_handlers.go:165.70,166.42 1 1
tic_tac_toe/handlers/game_handlers.go:166.42,169.3 2 1
tic_tac_toe/handlers/game_handlers.go:170.2,170.13 1 1
tic_tac_toe/handlers/game_handlers.go:174.61,176.16 2 1
tic_tac_toe/handlers/game_handlers.go:176.16,178.3 1 1
tic_tac_toe/handlers/game_handlers.go:179.2,179.40 1 1
tic_tac_toe/handlers/game_handlers.go:183.75,185.16 2 1
tic_tac_toe/handlers/game_handlers.go:185.16,188.3 2 1
tic_tac_toe/handlers/game_handlers.go:190.2,190.51 1 1
tic_tac_toe/handlers/game_handlers.go:190.51,193.3 2 1
tic_tac_toe/handlers/game_handlers.go:195.2,196.16 2 1
tic_tac_toe/handlers/game_handlers.go:196.16,199.3 2 1
tic_tac_toe/handlers/game_handlers.go:201.2,201.65 1 1
tic_tac_toe/handlers/game_handlers.go:201.65,204.3 2 1
tic_tac_toe/handlers/game_handlers.go:206.2,206.23 1 1
tic_tac_toe/handlers/game_handlers.go:206.23,208.3 1 1
tic_tac_toe/handlers/game_handlers.go:210.2,210.40 1 1
tic_tac_toe/handlers/game_handlers.go:214.77,217.43 2 1
tic_tac_toe/handlers/game_handlers.go:217.43,220.3 2 1
tic_tac_toe/handlers/game_handlers.go:222.2,222.37 1 1
